// Jest Snapshot v1, https://goo.gl/fbAQLP

exports[`renders PrivateRoute 1`] = `<div />`;
